// Jest Snapshot v1, https://goo.gl/fbAQLP

exports[`DynamicLoad .load() displays loading state 1`] = `
Array [
  Array [
    Object {
      "type": "GET",
      "url": "/new-doc",
    },
  ],
]
`;

exports[`DynamicLoad .load() replaces fetched content 1`] = `
"<title>This is a new document</title>



<div data-dynamic-load=\\"test\\">
  <p>This is new document content</p>
</div>"
`;

exports[`DynamicLoad .load() updates history when told to 1`] = `
Array [
  Array [
    null,
    "This is a new document",
    "/new-doc",
  ],
]
`;
