// Jest Snapshot v1, https://goo.gl/fbAQLP

exports[`Documentation urls should not change unexpectedly 1`] = `
Array [
  "404/index.html",
  "_jest.json",
  "_platforms/_index.json",
  "_platforms/cocoa/objc.json",
  "_platforms/cocoa/swift.json",
  "_platforms/cordova.json",
  "_platforms/csharp.json",
  "_platforms/csharp/aspnetcore.json",
  "_platforms/electron.json",
  "_platforms/elixir.json",
  "_platforms/go.json",
  "_platforms/go/http.json",
  "_platforms/java.json",
  "_platforms/java/android.json",
  "_platforms/java/appengine.json",
  "_platforms/java/log4j.json",
  "_platforms/java/log4j2.json",
  "_platforms/java/logback.json",
  "_platforms/java/logging.json",
  "_platforms/javascript.json",
  "_platforms/javascript/angular.json",
  "_platforms/javascript/angularjs.json",
  "_platforms/javascript/backbone.json",
  "_platforms/javascript/browser.json",
  "_platforms/javascript/ember.json",
  "_platforms/javascript/react.json",
  "_platforms/javascript/vue.json",
  "_platforms/minidump.json",
  "_platforms/native.json",
  "_platforms/node.json",
  "_platforms/node/connect.json",
  "_platforms/node/express.json",
  "_platforms/node/koa.json",
  "_platforms/node/nodeawslambda.json",
  "_platforms/node/nodegcpfunctions.json",
  "_platforms/node/tracing.json",
  "_platforms/objc.json",
  "_platforms/php.json",
  "_platforms/php/laravel.json",
  "_platforms/php/monolog.json",
  "_platforms/php/symfony.json",
  "_platforms/php/symfony2.json",
  "_platforms/python.json",
  "_platforms/python/aiohttp.json",
  "_platforms/python/asgi.json",
  "_platforms/python/bottle.json",
  "_platforms/python/celery.json",
  "_platforms/python/django.json",
  "_platforms/python/falcon.json",
  "_platforms/python/flask.json",
  "_platforms/python/pylons.json",
  "_platforms/python/pyramid.json",
  "_platforms/python/pythonawslambda.json",
  "_platforms/python/pythongcpfunctions.json",
  "_platforms/python/pythonserverless.json",
  "_platforms/python/rq.json",
  "_platforms/python/sanic.json",
  "_platforms/python/tornado.json",
  "_platforms/python/tracing.json",
  "_platforms/python/tryton.json",
  "_platforms/python/wsgi.json",
  "_platforms/react-native.json",
  "_platforms/ruby.json",
  "_platforms/ruby/rack.json",
  "_platforms/ruby/rails.json",
  "_platforms/rust.json",
  "accounts/membership/index.html",
  "accounts/pricing/index.html",
  "accounts/quotas/index.html",
  "accounts/quotas/manage-event-stream-guide/index.html",
  "accounts/require-2fa/index.html",
  "accounts/saml2/index.html",
  "accounts/sso/index.html",
  "api/auth/index.html",
  "api/events/delete-group-details/index.html",
  "api/events/delete-project-group-index/index.html",
  "api/events/get-group-details/index.html",
  "api/events/get-group-events-latest/index.html",
  "api/events/get-group-events-oldest/index.html",
  "api/events/get-group-events/index.html",
  "api/events/get-group-hashes/index.html",
  "api/events/get-group-tag-key-details/index.html",
  "api/events/get-group-tag-key-values/index.html",
  "api/events/get-project-event-details/index.html",
  "api/events/get-project-events/index.html",
  "api/events/get-project-group-index/index.html",
  "api/events/index.html",
  "api/events/put-group-details/index.html",
  "api/events/put-project-group-index/index.html",
  "api/index.html",
  "api/organizations/delete-organization-details/index.html",
  "api/organizations/get-event-id-lookup/index.html",
  "api/organizations/get-organization-details/index.html",
  "api/organizations/get-organization-index/index.html",
  "api/organizations/get-organization-projects/index.html",
  "api/organizations/get-organization-repositories/index.html",
  "api/organizations/get-organization-repository-commits/index.html",
  "api/organizations/get-organization-stats/index.html",
  "api/organizations/get-organization-users/index.html",
  "api/organizations/get-short-id-lookup/index.html",
  "api/organizations/index.html",
  "api/organizations/post-organization-index/index.html",
  "api/organizations/put-organization-details/index.html",
  "api/pagination/index.html",
  "api/permissions/index.html",
  "api/projects/delete-debug-files/index.html",
  "api/projects/delete-project-details/index.html",
  "api/projects/delete-project-key-details/index.html",
  "api/projects/delete-project-service-hook-details/index.html",
  "api/projects/get-debug-files/index.html",
  "api/projects/get-project-details/index.html",
  "api/projects/get-project-index/index.html",
  "api/projects/get-project-keys/index.html",
  "api/projects/get-project-service-hook-details/index.html",
  "api/projects/get-project-service-hooks/index.html",
  "api/projects/get-project-stats/index.html",
  "api/projects/get-project-tag-key-values/index.html",
  "api/projects/get-project-user-reports/index.html",
  "api/projects/get-project-users/index.html",
  "api/projects/index.html",
  "api/projects/post-debug-files/index.html",
  "api/projects/post-project-keys/index.html",
  "api/projects/post-project-service-hooks/index.html",
  "api/projects/post-project-user-reports/index.html",
  "api/projects/put-project-details/index.html",
  "api/projects/put-project-key-details/index.html",
  "api/projects/put-project-service-hook-details/index.html",
  "api/releases/delete-organization-release-details/index.html",
  "api/releases/delete-organization-release-file-details/index.html",
  "api/releases/delete-project-release-file-details/index.html",
  "api/releases/get-commit-file-change/index.html",
  "api/releases/get-organization-release-commits/index.html",
  "api/releases/get-organization-release-details/index.html",
  "api/releases/get-organization-release-file-details/index.html",
  "api/releases/get-organization-release-files/index.html",
  "api/releases/get-organization-releases/index.html",
  "api/releases/get-project-issues-resolved-in-release/index.html",
  "api/releases/get-project-release-commits/index.html",
  "api/releases/get-project-release-file-details/index.html",
  "api/releases/get-project-release-files/index.html",
  "api/releases/get-release-deploys/index.html",
  "api/releases/index.html",
  "api/releases/post-organization-release-files/index.html",
  "api/releases/post-organization-releases/index.html",
  "api/releases/post-project-release-files/index.html",
  "api/releases/post-release-deploys/index.html",
  "api/releases/put-organization-release-details/index.html",
  "api/releases/put-organization-release-file-details/index.html",
  "api/releases/put-project-release-file-details/index.html",
  "api/requests/index.html",
  "api/teams/delete-team-details/index.html",
  "api/teams/get-organization-teams/index.html",
  "api/teams/get-team-details/index.html",
  "api/teams/get-team-projects/index.html",
  "api/teams/get-team-stats/index.html",
  "api/teams/index.html",
  "api/teams/post-organization-teams/index.html",
  "api/teams/post-team-projects/index.html",
  "api/teams/put-team-details/index.html",
  "cli/configuration/index.html",
  "cli/dif/index.html",
  "cli/index.html",
  "cli/installation/index.html",
  "cli/releases/index.html",
  "cli/send-event/index.html",
  "clients/cocoa/advanced/index.html",
  "clients/cocoa/dsym/index.html",
  "clients/cocoa/index.html",
  "clients/cocoa/migration/index.html",
  "clients/csharp/index.html",
  "clients/elixir/config/index.html",
  "clients/elixir/index.html",
  "clients/elixir/plug/index.html",
  "clients/elixir/usage/index.html",
  "clients/go/config/index.html",
  "clients/go/context/index.html",
  "clients/go/index.html",
  "clients/go/integrations/index.html",
  "clients/go/usage/index.html",
  "clients/index.html",
  "clients/java/config/index.html",
  "clients/java/context/index.html",
  "clients/java/index.html",
  "clients/java/integrations/index.html",
  "clients/java/migration/index.html",
  "clients/java/usage/index.html",
  "clients/javascript/config/index.html",
  "clients/javascript/index.html",
  "clients/javascript/install/index.html",
  "clients/javascript/integrations/index.html",
  "clients/javascript/sourcemaps/index.html",
  "clients/javascript/tips/index.html",
  "clients/javascript/usage/index.html",
  "clients/node/coffeescript/index.html",
  "clients/node/config/index.html",
  "clients/node/index.html",
  "clients/node/integrations/index.html",
  "clients/node/sourcemaps/index.html",
  "clients/node/typescript/index.html",
  "clients/node/usage/index.html",
  "clients/perl/index.html",
  "clients/php/config/index.html",
  "clients/php/index.html",
  "clients/php/integrations/index.html",
  "clients/php/usage/index.html",
  "clients/python/advanced/index.html",
  "clients/python/api/index.html",
  "clients/python/breadcrumbs/index.html",
  "clients/python/index.html",
  "clients/python/integrations/index.html",
  "clients/python/platform-support/index.html",
  "clients/python/transports/index.html",
  "clients/python/usage/index.html",
  "clients/react-native/cocoapods/index.html",
  "clients/react-native/codepush/index.html",
  "clients/react-native/config/index.html",
  "clients/react-native/expo/index.html",
  "clients/react-native/index.html",
  "clients/react-native/manual-setup/index.html",
  "clients/react-native/ram-bundles/index.html",
  "clients/react-native/sourcemaps/index.html",
  "clients/ruby/breadcrumbs/index.html",
  "clients/ruby/config/index.html",
  "clients/ruby/context/index.html",
  "clients/ruby/index.html",
  "clients/ruby/install/index.html",
  "clients/ruby/integrations/index.html",
  "clients/ruby/processors/index.html",
  "clients/ruby/usage/index.html",
  "collections/_dev_components/includes/alert/index.html",
  "collections/_dev_components/includes/platform-content/index.html",
  "collections/_dev_components/includes/user-content/index.html",
  "collections/_dev_components/markdown-styleguide/links/index.html",
  "collections/_dev_components/tags/version-added/index.html",
  "data-management/advanced-datascrubbing/index.html",
  "data-management/data-forwarding/index.html",
  "data-management/event-grouping/grouping-enhancements/index.html",
  "data-management/event-grouping/index.html",
  "data-management/event-grouping/sdk-fingerprinting/index.html",
  "data-management/event-grouping/server-side-fingerprinting/index.html",
  "data-management/sensitive-data/index.html",
  "enriching-error-data/additional-data/index.html",
  "enriching-error-data/breadcrumbs/index.html",
  "enriching-error-data/environments/index.html",
  "enriching-error-data/error-tracing/index.html",
  "enriching-error-data/scopes/index.html",
  "enriching-error-data/user-feedback/index.html",
  "error-reporting/capturing/index.html",
  "error-reporting/configuration/draining/index.html",
  "error-reporting/configuration/filtering/index.html",
  "error-reporting/configuration/index.html",
  "error-reporting/quickstart/index.html",
  "error-reporting/security-policy-reporting/index.html",
  "google23f0db311599a15d.html",
  "guides/alert-notifications/creating-custom-rules/index.html",
  "guides/alert-notifications/index.html",
  "guides/alert-notifications/routing-alerts/index.html",
  "guides/discover/index.html",
  "guides/enrich-data/index.html",
  "guides/getting-started/index.html",
  "guides/grouping-and-fingerprints/index.html",
  "guides/index.html",
  "guides/integrate-frontend/configure-scms/index.html",
  "guides/integrate-frontend/create-new-project/index.html",
  "guides/integrate-frontend/generate-first-error/index.html",
  "guides/integrate-frontend/index.html",
  "guides/integrate-frontend/initialize-sentry-sdk/index.html",
  "guides/integrate-frontend/upload-source-maps/index.html",
  "guides/migration/index.html",
  "history/index.html",
  "includes/alert/index.html",
  "includes/platform-content/index.html",
  "includes/user-content/index.html",
  "license/index.html",
  "markdown-styleguide/links/index.html",
  "meta/index.html",
  "meta/ip-ranges/index.html",
  "meta/soc2/index.html",
  "meta/terms/index.html",
  "performance-monitoring/configuration/node/index.html",
  "performance-monitoring/configuration/python/index.html",
  "performance-monitoring/discover-queries/index.html",
  "performance-monitoring/discover-queries/query-builder/index.html",
  "performance-monitoring/distributed-tracing/index.html",
  "performance-monitoring/getting-started/index.html",
  "performance-monitoring/performance/event-detail/index.html",
  "performance-monitoring/performance/index.html",
  "performance-monitoring/performance/metrics/index.html",
  "performance-monitoring/performance/transaction-summary/index.html",
  "platforms/android/index.html",
  "platforms/android/migrate/index.html",
  "platforms/cocoa/dsym/index.html",
  "platforms/cocoa/index.html",
  "platforms/cocoa/usage/index.html",
  "platforms/dotnet/aspnetcore/index.html",
  "platforms/dotnet/entityframework/index.html",
  "platforms/dotnet/index.html",
  "platforms/dotnet/log4net/index.html",
  "platforms/dotnet/microsoft-extensions-logging/index.html",
  "platforms/dotnet/nlog/index.html",
  "platforms/dotnet/serilog/index.html",
  "platforms/flutter/index.html",
  "platforms/go/config/index.html",
  "platforms/go/echo/index.html",
  "platforms/go/fasthttp/index.html",
  "platforms/go/gin/index.html",
  "platforms/go/goroutines/index.html",
  "platforms/go/http/index.html",
  "platforms/go/index.html",
  "platforms/go/integrations/index.html",
  "platforms/go/iris/index.html",
  "platforms/go/martini/index.html",
  "platforms/go/migration/index.html",
  "platforms/go/negroni/index.html",
  "platforms/go/panics/index.html",
  "platforms/go/serverless/index.html",
  "platforms/go/transports/index.html",
  "platforms/index.html",
  "platforms/javascript/advance-settings/index.html",
  "platforms/javascript/angular/index.html",
  "platforms/javascript/cordova/index.html",
  "platforms/javascript/electron/index.html",
  "platforms/javascript/ember/index.html",
  "platforms/javascript/index.html",
  "platforms/javascript/ionic/index.html",
  "platforms/javascript/react/index.html",
  "platforms/javascript/sentry-testkit/index.html",
  "platforms/javascript/sourcemaps/index.html",
  "platforms/javascript/vue/index.html",
  "platforms/native/breakpad/index.html",
  "platforms/native/crashpad/index.html",
  "platforms/native/index.html",
  "platforms/native/minidump/index.html",
  "platforms/native/ue4/index.html",
  "platforms/node/aws_lambda/index.html",
  "platforms/node/connect/index.html",
  "platforms/node/default-integrations/index.html",
  "platforms/node/express/index.html",
  "platforms/node/gcp_functions/index.html",
  "platforms/node/index.html",
  "platforms/node/koa/index.html",
  "platforms/node/pluggable-integrations/index.html",
  "platforms/node/sourcemaps/index.html",
  "platforms/node/typescript/index.html",
  "platforms/php/default-integrations/index.html",
  "platforms/php/index.html",
  "platforms/php/laravel/index.html",
  "platforms/php/symfony/index.html",
  "platforms/python/aiohttp/index.html",
  "platforms/python/asgi/index.html",
  "platforms/python/aws_lambda/index.html",
  "platforms/python/beam/index.html",
  "platforms/python/bottle/index.html",
  "platforms/python/celery/index.html",
  "platforms/python/default-integrations/index.html",
  "platforms/python/django/index.html",
  "platforms/python/falcon/index.html",
  "platforms/python/flask/index.html",
  "platforms/python/gcp_functions/index.html",
  "platforms/python/gnu_backtrace/index.html",
  "platforms/python/index.html",
  "platforms/python/logging/index.html",
  "platforms/python/migration/index.html",
  "platforms/python/pyramid/index.html",
  "platforms/python/pyspark/index.html",
  "platforms/python/redis/index.html",
  "platforms/python/rq/index.html",
  "platforms/python/sanic/index.html",
  "platforms/python/serverless/index.html",
  "platforms/python/sqlalchemy/index.html",
  "platforms/python/tornado/index.html",
  "platforms/python/troubleshooting/index.html",
  "platforms/python/tryton/index.html",
  "platforms/python/wsgi/index.html",
  "platforms/react-native/cocoapods/index.html",
  "platforms/react-native/codepush/index.html",
  "platforms/react-native/expo/index.html",
  "platforms/react-native/hermes/index.html",
  "platforms/react-native/index.html",
  "platforms/react-native/manual-setup/index.html",
  "platforms/react-native/ram-bundles/index.html",
  "platforms/react-native/sourcemaps/index.html",
  "platforms/react-native/touchevents/index.html",
  "platforms/rust/actix/index.html",
  "platforms/rust/index.html",
  "project-resources/index.html",
  "sdks/javascript/config/basics/index.html",
  "sdks/javascript/config/filter/index.html",
  "sdks/javascript/config/intro/index.html",
  "sdks/javascript/config/lazy-load-sentry/index.html",
  "sdks/javascript/config/shutdown-drain/index.html",
  "sdks/javascript/config/supported-browsers/index.html",
  "sdks/javascript/index.html",
  "sitemap.xml",
  "ssl/index.html",
  "support/index.html",
  "tags/version-added/index.html",
  "webhook-plugin/index.html",
  "workflow/alerts-notifications/alerts/index.html",
  "workflow/alerts-notifications/index.html",
  "workflow/alerts-notifications/notifications/index.html",
  "workflow/dashboards/index.html",
  "workflow/debug-files/index.html",
  "workflow/integrations/global-integrations/index.html",
  "workflow/integrations/index.html",
  "workflow/integrations/integration-platform/index.html",
  "workflow/integrations/integration-platform/ui-components/index.html",
  "workflow/integrations/integration-platform/webhooks/index.html",
  "workflow/integrations/legacy-integrations/index.html",
  "workflow/issue-owners/index.html",
  "workflow/releases/health/index.html",
  "workflow/releases/index.html",
  "workflow/releases/release-automation/bitbucket-pipelines/index.html",
  "workflow/releases/release-automation/circleci/index.html",
  "workflow/releases/release-automation/index.html",
  "workflow/releases/release-automation/jenkins/index.html",
  "workflow/releases/release-automation/netlify/index.html",
  "workflow/releases/release-automation/travis-ci/index.html",
  "workflow/search/index.html",
  "workflow/user-settings/index.html",
]
`;
