// Jest Snapshot v1, https://goo.gl/fbAQLP

exports[`Documentation urls should not change unexpectedly 1`] = `
Array [
  "/Users/cameronmcefee/github/sentry-docs/_site/_jest.json",
  "/Users/cameronmcefee/github/sentry-docs/_site/_platforms/_index.json",
  "/Users/cameronmcefee/github/sentry-docs/_site/_platforms/cocoa.json",
  "/Users/cameronmcefee/github/sentry-docs/_site/_platforms/cocoa/objc.json",
  "/Users/cameronmcefee/github/sentry-docs/_site/_platforms/cocoa/swift.json",
  "/Users/cameronmcefee/github/sentry-docs/_site/_platforms/cordova.json",
  "/Users/cameronmcefee/github/sentry-docs/_site/_platforms/csharp.json",
  "/Users/cameronmcefee/github/sentry-docs/_site/_platforms/csharp/aspnetcore.json",
  "/Users/cameronmcefee/github/sentry-docs/_site/_platforms/electron.json",
  "/Users/cameronmcefee/github/sentry-docs/_site/_platforms/elixir.json",
  "/Users/cameronmcefee/github/sentry-docs/_site/_platforms/go.json",
  "/Users/cameronmcefee/github/sentry-docs/_site/_platforms/go/http.json",
  "/Users/cameronmcefee/github/sentry-docs/_site/_platforms/java.json",
  "/Users/cameronmcefee/github/sentry-docs/_site/_platforms/java/android.json",
  "/Users/cameronmcefee/github/sentry-docs/_site/_platforms/java/appengine.json",
  "/Users/cameronmcefee/github/sentry-docs/_site/_platforms/java/log4j.json",
  "/Users/cameronmcefee/github/sentry-docs/_site/_platforms/java/log4j2.json",
  "/Users/cameronmcefee/github/sentry-docs/_site/_platforms/java/logback.json",
  "/Users/cameronmcefee/github/sentry-docs/_site/_platforms/java/logging.json",
  "/Users/cameronmcefee/github/sentry-docs/_site/_platforms/javascript.json",
  "/Users/cameronmcefee/github/sentry-docs/_site/_platforms/javascript/angular.json",
  "/Users/cameronmcefee/github/sentry-docs/_site/_platforms/javascript/angularjs.json",
  "/Users/cameronmcefee/github/sentry-docs/_site/_platforms/javascript/backbone.json",
  "/Users/cameronmcefee/github/sentry-docs/_site/_platforms/javascript/browser.json",
  "/Users/cameronmcefee/github/sentry-docs/_site/_platforms/javascript/ember.json",
  "/Users/cameronmcefee/github/sentry-docs/_site/_platforms/javascript/react.json",
  "/Users/cameronmcefee/github/sentry-docs/_site/_platforms/javascript/vue.json",
  "/Users/cameronmcefee/github/sentry-docs/_site/_platforms/minidump.json",
  "/Users/cameronmcefee/github/sentry-docs/_site/_platforms/node.json",
  "/Users/cameronmcefee/github/sentry-docs/_site/_platforms/node/connect.json",
  "/Users/cameronmcefee/github/sentry-docs/_site/_platforms/node/express.json",
  "/Users/cameronmcefee/github/sentry-docs/_site/_platforms/node/koa.json",
  "/Users/cameronmcefee/github/sentry-docs/_site/_platforms/objc.json",
  "/Users/cameronmcefee/github/sentry-docs/_site/_platforms/php.json",
  "/Users/cameronmcefee/github/sentry-docs/_site/_platforms/php/laravel.json",
  "/Users/cameronmcefee/github/sentry-docs/_site/_platforms/php/monolog.json",
  "/Users/cameronmcefee/github/sentry-docs/_site/_platforms/php/symfony2.json",
  "/Users/cameronmcefee/github/sentry-docs/_site/_platforms/python.json",
  "/Users/cameronmcefee/github/sentry-docs/_site/_platforms/python/bottle.json",
  "/Users/cameronmcefee/github/sentry-docs/_site/_platforms/python/celery.json",
  "/Users/cameronmcefee/github/sentry-docs/_site/_platforms/python/django.json",
  "/Users/cameronmcefee/github/sentry-docs/_site/_platforms/python/flask.json",
  "/Users/cameronmcefee/github/sentry-docs/_site/_platforms/python/pylons.json",
  "/Users/cameronmcefee/github/sentry-docs/_site/_platforms/python/pyramid.json",
  "/Users/cameronmcefee/github/sentry-docs/_site/_platforms/python/rq.json",
  "/Users/cameronmcefee/github/sentry-docs/_site/_platforms/python/tornado.json",
  "/Users/cameronmcefee/github/sentry-docs/_site/_platforms/ruby.json",
  "/Users/cameronmcefee/github/sentry-docs/_site/_platforms/ruby/rack.json",
  "/Users/cameronmcefee/github/sentry-docs/_site/_platforms/ruby/rails.json",
  "/Users/cameronmcefee/github/sentry-docs/_site/_platforms/rust.json",
  "/Users/cameronmcefee/github/sentry-docs/_site/404/index.html",
  "/Users/cameronmcefee/github/sentry-docs/_site/api/auth/index.html",
  "/Users/cameronmcefee/github/sentry-docs/_site/api/events/delete-group-details/index.html",
  "/Users/cameronmcefee/github/sentry-docs/_site/api/events/delete-project-group-index/index.html",
  "/Users/cameronmcefee/github/sentry-docs/_site/api/events/get-group-details/index.html",
  "/Users/cameronmcefee/github/sentry-docs/_site/api/events/get-group-events-latest/index.html",
  "/Users/cameronmcefee/github/sentry-docs/_site/api/events/get-group-events-oldest/index.html",
  "/Users/cameronmcefee/github/sentry-docs/_site/api/events/get-group-events/index.html",
  "/Users/cameronmcefee/github/sentry-docs/_site/api/events/get-group-hashes/index.html",
  "/Users/cameronmcefee/github/sentry-docs/_site/api/events/get-group-tag-key-details/index.html",
  "/Users/cameronmcefee/github/sentry-docs/_site/api/events/get-group-tag-key-values/index.html",
  "/Users/cameronmcefee/github/sentry-docs/_site/api/events/get-project-event-details/index.html",
  "/Users/cameronmcefee/github/sentry-docs/_site/api/events/get-project-events/index.html",
  "/Users/cameronmcefee/github/sentry-docs/_site/api/events/get-project-group-index/index.html",
  "/Users/cameronmcefee/github/sentry-docs/_site/api/events/index.html",
  "/Users/cameronmcefee/github/sentry-docs/_site/api/events/put-group-details/index.html",
  "/Users/cameronmcefee/github/sentry-docs/_site/api/events/put-project-group-index/index.html",
  "/Users/cameronmcefee/github/sentry-docs/_site/api/index.html",
  "/Users/cameronmcefee/github/sentry-docs/_site/api/organizations/delete-organization-details/index.html",
  "/Users/cameronmcefee/github/sentry-docs/_site/api/organizations/get-event-id-lookup/index.html",
  "/Users/cameronmcefee/github/sentry-docs/_site/api/organizations/get-organization-details/index.html",
  "/Users/cameronmcefee/github/sentry-docs/_site/api/organizations/get-organization-index/index.html",
  "/Users/cameronmcefee/github/sentry-docs/_site/api/organizations/get-organization-projects/index.html",
  "/Users/cameronmcefee/github/sentry-docs/_site/api/organizations/get-organization-repositories/index.html",
  "/Users/cameronmcefee/github/sentry-docs/_site/api/organizations/get-organization-repository-commits/index.html",
  "/Users/cameronmcefee/github/sentry-docs/_site/api/organizations/get-organization-stats/index.html",
  "/Users/cameronmcefee/github/sentry-docs/_site/api/organizations/get-short-id-lookup/index.html",
  "/Users/cameronmcefee/github/sentry-docs/_site/api/organizations/index.html",
  "/Users/cameronmcefee/github/sentry-docs/_site/api/organizations/post-organization-index/index.html",
  "/Users/cameronmcefee/github/sentry-docs/_site/api/organizations/put-organization-details/index.html",
  "/Users/cameronmcefee/github/sentry-docs/_site/api/pagination/index.html",
  "/Users/cameronmcefee/github/sentry-docs/_site/api/projects/delete-project-details/index.html",
  "/Users/cameronmcefee/github/sentry-docs/_site/api/projects/delete-project-key-details/index.html",
  "/Users/cameronmcefee/github/sentry-docs/_site/api/projects/delete-project-service-hook-details/index.html",
  "/Users/cameronmcefee/github/sentry-docs/_site/api/projects/get-d-sym-files/index.html",
  "/Users/cameronmcefee/github/sentry-docs/_site/api/projects/get-project-details/index.html",
  "/Users/cameronmcefee/github/sentry-docs/_site/api/projects/get-project-index/index.html",
  "/Users/cameronmcefee/github/sentry-docs/_site/api/projects/get-project-keys/index.html",
  "/Users/cameronmcefee/github/sentry-docs/_site/api/projects/get-project-service-hook-details/index.html",
  "/Users/cameronmcefee/github/sentry-docs/_site/api/projects/get-project-service-hooks/index.html",
  "/Users/cameronmcefee/github/sentry-docs/_site/api/projects/get-project-stats/index.html",
  "/Users/cameronmcefee/github/sentry-docs/_site/api/projects/get-project-tag-key-values/index.html",
  "/Users/cameronmcefee/github/sentry-docs/_site/api/projects/get-project-user-reports/index.html",
  "/Users/cameronmcefee/github/sentry-docs/_site/api/projects/get-project-users/index.html",
  "/Users/cameronmcefee/github/sentry-docs/_site/api/projects/index.html",
  "/Users/cameronmcefee/github/sentry-docs/_site/api/projects/post-d-sym-files/index.html",
  "/Users/cameronmcefee/github/sentry-docs/_site/api/projects/post-project-keys/index.html",
  "/Users/cameronmcefee/github/sentry-docs/_site/api/projects/post-project-service-hooks/index.html",
  "/Users/cameronmcefee/github/sentry-docs/_site/api/projects/post-project-user-reports/index.html",
  "/Users/cameronmcefee/github/sentry-docs/_site/api/projects/put-project-details/index.html",
  "/Users/cameronmcefee/github/sentry-docs/_site/api/projects/put-project-key-details/index.html",
  "/Users/cameronmcefee/github/sentry-docs/_site/api/projects/put-project-service-hook-details/index.html",
  "/Users/cameronmcefee/github/sentry-docs/_site/api/releases/delete-organization-release-details/index.html",
  "/Users/cameronmcefee/github/sentry-docs/_site/api/releases/delete-organization-release-file-details/index.html",
  "/Users/cameronmcefee/github/sentry-docs/_site/api/releases/delete-project-release-file-details/index.html",
  "/Users/cameronmcefee/github/sentry-docs/_site/api/releases/get-commit-file-change/index.html",
  "/Users/cameronmcefee/github/sentry-docs/_site/api/releases/get-issues-resolved-in-release/index.html",
  "/Users/cameronmcefee/github/sentry-docs/_site/api/releases/get-organization-release-commits/index.html",
  "/Users/cameronmcefee/github/sentry-docs/_site/api/releases/get-organization-release-details/index.html",
  "/Users/cameronmcefee/github/sentry-docs/_site/api/releases/get-organization-release-file-details/index.html",
  "/Users/cameronmcefee/github/sentry-docs/_site/api/releases/get-organization-release-files/index.html",
  "/Users/cameronmcefee/github/sentry-docs/_site/api/releases/get-organization-releases/index.html",
  "/Users/cameronmcefee/github/sentry-docs/_site/api/releases/get-project-release-commits/index.html",
  "/Users/cameronmcefee/github/sentry-docs/_site/api/releases/get-project-release-file-details/index.html",
  "/Users/cameronmcefee/github/sentry-docs/_site/api/releases/get-project-release-files/index.html",
  "/Users/cameronmcefee/github/sentry-docs/_site/api/releases/get-release-deploys/index.html",
  "/Users/cameronmcefee/github/sentry-docs/_site/api/releases/index.html",
  "/Users/cameronmcefee/github/sentry-docs/_site/api/releases/post-organization-release-files/index.html",
  "/Users/cameronmcefee/github/sentry-docs/_site/api/releases/post-organization-releases/index.html",
  "/Users/cameronmcefee/github/sentry-docs/_site/api/releases/post-project-release-files/index.html",
  "/Users/cameronmcefee/github/sentry-docs/_site/api/releases/post-release-deploys/index.html",
  "/Users/cameronmcefee/github/sentry-docs/_site/api/releases/put-organization-release-details/index.html",
  "/Users/cameronmcefee/github/sentry-docs/_site/api/releases/put-organization-release-file-details/index.html",
  "/Users/cameronmcefee/github/sentry-docs/_site/api/releases/put-project-release-file-details/index.html",
  "/Users/cameronmcefee/github/sentry-docs/_site/api/requests/index.html",
  "/Users/cameronmcefee/github/sentry-docs/_site/api/teams/delete-team-details/index.html",
  "/Users/cameronmcefee/github/sentry-docs/_site/api/teams/get-organization-teams/index.html",
  "/Users/cameronmcefee/github/sentry-docs/_site/api/teams/get-team-details/index.html",
  "/Users/cameronmcefee/github/sentry-docs/_site/api/teams/get-team-projects/index.html",
  "/Users/cameronmcefee/github/sentry-docs/_site/api/teams/get-team-stats/index.html",
  "/Users/cameronmcefee/github/sentry-docs/_site/api/teams/index.html",
  "/Users/cameronmcefee/github/sentry-docs/_site/api/teams/post-organization-teams/index.html",
  "/Users/cameronmcefee/github/sentry-docs/_site/api/teams/post-team-projects/index.html",
  "/Users/cameronmcefee/github/sentry-docs/_site/api/teams/put-team-details/index.html",
  "/Users/cameronmcefee/github/sentry-docs/_site/clientdev/attributes/index.html",
  "/Users/cameronmcefee/github/sentry-docs/_site/clientdev/data-handling/index.html",
  "/Users/cameronmcefee/github/sentry-docs/_site/clientdev/features/index.html",
  "/Users/cameronmcefee/github/sentry-docs/_site/clientdev/index.html",
  "/Users/cameronmcefee/github/sentry-docs/_site/clientdev/interfaces/breadcrumbs/index.html",
  "/Users/cameronmcefee/github/sentry-docs/_site/clientdev/interfaces/contexts/index.html",
  "/Users/cameronmcefee/github/sentry-docs/_site/clientdev/interfaces/debug/index.html",
  "/Users/cameronmcefee/github/sentry-docs/_site/clientdev/interfaces/exception/index.html",
  "/Users/cameronmcefee/github/sentry-docs/_site/clientdev/interfaces/http/index.html",
  "/Users/cameronmcefee/github/sentry-docs/_site/clientdev/interfaces/index.html",
  "/Users/cameronmcefee/github/sentry-docs/_site/clientdev/interfaces/mechanism/index.html",
  "/Users/cameronmcefee/github/sentry-docs/_site/clientdev/interfaces/message/index.html",
  "/Users/cameronmcefee/github/sentry-docs/_site/clientdev/interfaces/repos/index.html",
  "/Users/cameronmcefee/github/sentry-docs/_site/clientdev/interfaces/sdk/index.html",
  "/Users/cameronmcefee/github/sentry-docs/_site/clientdev/interfaces/stacktrace/index.html",
  "/Users/cameronmcefee/github/sentry-docs/_site/clientdev/interfaces/template/index.html",
  "/Users/cameronmcefee/github/sentry-docs/_site/clientdev/interfaces/threads/index.html",
  "/Users/cameronmcefee/github/sentry-docs/_site/clientdev/interfaces/user/index.html",
  "/Users/cameronmcefee/github/sentry-docs/_site/clientdev/overview/index.html",
  "/Users/cameronmcefee/github/sentry-docs/_site/clientdev/unified-api/index.html",
  "/Users/cameronmcefee/github/sentry-docs/_site/clients/cocoa/advanced/index.html",
  "/Users/cameronmcefee/github/sentry-docs/_site/clients/cocoa/dsym/index.html",
  "/Users/cameronmcefee/github/sentry-docs/_site/clients/cocoa/index.html",
  "/Users/cameronmcefee/github/sentry-docs/_site/clients/cocoa/migration/index.html",
  "/Users/cameronmcefee/github/sentry-docs/_site/clients/csharp/index.html",
  "/Users/cameronmcefee/github/sentry-docs/_site/clients/elixir/config/index.html",
  "/Users/cameronmcefee/github/sentry-docs/_site/clients/elixir/index.html",
  "/Users/cameronmcefee/github/sentry-docs/_site/clients/elixir/plug/index.html",
  "/Users/cameronmcefee/github/sentry-docs/_site/clients/elixir/usage/index.html",
  "/Users/cameronmcefee/github/sentry-docs/_site/clients/go/index.html",
  "/Users/cameronmcefee/github/sentry-docs/_site/clients/go/integrations/http/index.html",
  "/Users/cameronmcefee/github/sentry-docs/_site/clients/go/integrations/index.html",
  "/Users/cameronmcefee/github/sentry-docs/_site/clients/index.html",
  "/Users/cameronmcefee/github/sentry-docs/_site/clients/java/agent/index.html",
  "/Users/cameronmcefee/github/sentry-docs/_site/clients/java/config/index.html",
  "/Users/cameronmcefee/github/sentry-docs/_site/clients/java/context/index.html",
  "/Users/cameronmcefee/github/sentry-docs/_site/clients/java/index.html",
  "/Users/cameronmcefee/github/sentry-docs/_site/clients/java/migration/index.html",
  "/Users/cameronmcefee/github/sentry-docs/_site/clients/java/modules/android/index.html",
  "/Users/cameronmcefee/github/sentry-docs/_site/clients/java/modules/appengine/index.html",
  "/Users/cameronmcefee/github/sentry-docs/_site/clients/java/modules/index.html",
  "/Users/cameronmcefee/github/sentry-docs/_site/clients/java/modules/jul/index.html",
  "/Users/cameronmcefee/github/sentry-docs/_site/clients/java/modules/log4j/index.html",
  "/Users/cameronmcefee/github/sentry-docs/_site/clients/java/modules/log4j2/index.html",
  "/Users/cameronmcefee/github/sentry-docs/_site/clients/java/modules/logback/index.html",
  "/Users/cameronmcefee/github/sentry-docs/_site/clients/java/modules/spring/index.html",
  "/Users/cameronmcefee/github/sentry-docs/_site/clients/java/usage/index.html",
  "/Users/cameronmcefee/github/sentry-docs/_site/clients/javascript/config/index.html",
  "/Users/cameronmcefee/github/sentry-docs/_site/clients/javascript/index.html",
  "/Users/cameronmcefee/github/sentry-docs/_site/clients/javascript/install/index.html",
  "/Users/cameronmcefee/github/sentry-docs/_site/clients/javascript/integrations/angular/index.html",
  "/Users/cameronmcefee/github/sentry-docs/_site/clients/javascript/integrations/angularjs/index.html",
  "/Users/cameronmcefee/github/sentry-docs/_site/clients/javascript/integrations/backbone/index.html",
  "/Users/cameronmcefee/github/sentry-docs/_site/clients/javascript/integrations/ember/index.html",
  "/Users/cameronmcefee/github/sentry-docs/_site/clients/javascript/integrations/index.html",
  "/Users/cameronmcefee/github/sentry-docs/_site/clients/javascript/integrations/react-native/index.html",
  "/Users/cameronmcefee/github/sentry-docs/_site/clients/javascript/integrations/react/index.html",
  "/Users/cameronmcefee/github/sentry-docs/_site/clients/javascript/integrations/vue/index.html",
  "/Users/cameronmcefee/github/sentry-docs/_site/clients/javascript/sourcemaps/index.html",
  "/Users/cameronmcefee/github/sentry-docs/_site/clients/javascript/tips/index.html",
  "/Users/cameronmcefee/github/sentry-docs/_site/clients/javascript/usage/index.html",
  "/Users/cameronmcefee/github/sentry-docs/_site/clients/node/coffeescript/index.html",
  "/Users/cameronmcefee/github/sentry-docs/_site/clients/node/config/index.html",
  "/Users/cameronmcefee/github/sentry-docs/_site/clients/node/index.html",
  "/Users/cameronmcefee/github/sentry-docs/_site/clients/node/integrations/connect/index.html",
  "/Users/cameronmcefee/github/sentry-docs/_site/clients/node/integrations/express/index.html",
  "/Users/cameronmcefee/github/sentry-docs/_site/clients/node/integrations/index.html",
  "/Users/cameronmcefee/github/sentry-docs/_site/clients/node/integrations/koa/index.html",
  "/Users/cameronmcefee/github/sentry-docs/_site/clients/node/integrations/loopback/index.html",
  "/Users/cameronmcefee/github/sentry-docs/_site/clients/node/integrations/sails/index.html",
  "/Users/cameronmcefee/github/sentry-docs/_site/clients/node/sourcemaps/index.html",
  "/Users/cameronmcefee/github/sentry-docs/_site/clients/node/typescript/index.html",
  "/Users/cameronmcefee/github/sentry-docs/_site/clients/node/usage/index.html",
  "/Users/cameronmcefee/github/sentry-docs/_site/clients/perl/index.html",
  "/Users/cameronmcefee/github/sentry-docs/_site/clients/php/config/index.html",
  "/Users/cameronmcefee/github/sentry-docs/_site/clients/php/index.html",
  "/Users/cameronmcefee/github/sentry-docs/_site/clients/php/integrations/index.html",
  "/Users/cameronmcefee/github/sentry-docs/_site/clients/php/integrations/laravel/index.html",
  "/Users/cameronmcefee/github/sentry-docs/_site/clients/php/integrations/monolog/index.html",
  "/Users/cameronmcefee/github/sentry-docs/_site/clients/php/integrations/symfony2/index.html",
  "/Users/cameronmcefee/github/sentry-docs/_site/clients/php/usage/index.html",
  "/Users/cameronmcefee/github/sentry-docs/_site/clients/python/advanced/index.html",
  "/Users/cameronmcefee/github/sentry-docs/_site/clients/python/api/index.html",
  "/Users/cameronmcefee/github/sentry-docs/_site/clients/python/breadcrumbs/index.html",
  "/Users/cameronmcefee/github/sentry-docs/_site/clients/python/index.html",
  "/Users/cameronmcefee/github/sentry-docs/_site/clients/python/integrations/bottle/index.html",
  "/Users/cameronmcefee/github/sentry-docs/_site/clients/python/integrations/celery/index.html",
  "/Users/cameronmcefee/github/sentry-docs/_site/clients/python/integrations/django/index.html",
  "/Users/cameronmcefee/github/sentry-docs/_site/clients/python/integrations/flask/index.html",
  "/Users/cameronmcefee/github/sentry-docs/_site/clients/python/integrations/index.html",
  "/Users/cameronmcefee/github/sentry-docs/_site/clients/python/integrations/lambda/index.html",
  "/Users/cameronmcefee/github/sentry-docs/_site/clients/python/integrations/logbook/index.html",
  "/Users/cameronmcefee/github/sentry-docs/_site/clients/python/integrations/logging/index.html",
  "/Users/cameronmcefee/github/sentry-docs/_site/clients/python/integrations/pylons/index.html",
  "/Users/cameronmcefee/github/sentry-docs/_site/clients/python/integrations/pyramid/index.html",
  "/Users/cameronmcefee/github/sentry-docs/_site/clients/python/integrations/rq/index.html",
  "/Users/cameronmcefee/github/sentry-docs/_site/clients/python/integrations/tornado/index.html",
  "/Users/cameronmcefee/github/sentry-docs/_site/clients/python/integrations/wsgi/index.html",
  "/Users/cameronmcefee/github/sentry-docs/_site/clients/python/integrations/zconfig/index.html",
  "/Users/cameronmcefee/github/sentry-docs/_site/clients/python/integrations/zerorpc/index.html",
  "/Users/cameronmcefee/github/sentry-docs/_site/clients/python/integrations/zope/index.html",
  "/Users/cameronmcefee/github/sentry-docs/_site/clients/python/platform-support/index.html",
  "/Users/cameronmcefee/github/sentry-docs/_site/clients/python/transports/index.html",
  "/Users/cameronmcefee/github/sentry-docs/_site/clients/python/usage/index.html",
  "/Users/cameronmcefee/github/sentry-docs/_site/clients/react-native/cocoapods/index.html",
  "/Users/cameronmcefee/github/sentry-docs/_site/clients/react-native/codepush/index.html",
  "/Users/cameronmcefee/github/sentry-docs/_site/clients/react-native/config/index.html",
  "/Users/cameronmcefee/github/sentry-docs/_site/clients/react-native/expo/index.html",
  "/Users/cameronmcefee/github/sentry-docs/_site/clients/react-native/index.html",
  "/Users/cameronmcefee/github/sentry-docs/_site/clients/react-native/manual-setup/index.html",
  "/Users/cameronmcefee/github/sentry-docs/_site/clients/react-native/sourcemaps/index.html",
  "/Users/cameronmcefee/github/sentry-docs/_site/clients/ruby/breadcrumbs/index.html",
  "/Users/cameronmcefee/github/sentry-docs/_site/clients/ruby/config/index.html",
  "/Users/cameronmcefee/github/sentry-docs/_site/clients/ruby/context/index.html",
  "/Users/cameronmcefee/github/sentry-docs/_site/clients/ruby/index.html",
  "/Users/cameronmcefee/github/sentry-docs/_site/clients/ruby/install/index.html",
  "/Users/cameronmcefee/github/sentry-docs/_site/clients/ruby/integrations/heroku/index.html",
  "/Users/cameronmcefee/github/sentry-docs/_site/clients/ruby/integrations/index.html",
  "/Users/cameronmcefee/github/sentry-docs/_site/clients/ruby/integrations/puma/index.html",
  "/Users/cameronmcefee/github/sentry-docs/_site/clients/ruby/integrations/rack/index.html",
  "/Users/cameronmcefee/github/sentry-docs/_site/clients/ruby/integrations/rails/index.html",
  "/Users/cameronmcefee/github/sentry-docs/_site/clients/ruby/processors/index.html",
  "/Users/cameronmcefee/github/sentry-docs/_site/clients/ruby/usage/index.html",
  "/Users/cameronmcefee/github/sentry-docs/_site/collections/_dev_components/includes/alert/index.html",
  "/Users/cameronmcefee/github/sentry-docs/_site/collections/_dev_components/includes/platform-content/index.html",
  "/Users/cameronmcefee/github/sentry-docs/_site/collections/_dev_components/includes/user-content/index.html",
  "/Users/cameronmcefee/github/sentry-docs/_site/collections/_dev_components/markdown-styleguide/links/index.html",
  "/Users/cameronmcefee/github/sentry-docs/_site/collections/_dev_components/tags/version-added/index.html",
  "/Users/cameronmcefee/github/sentry-docs/_site/genindex/index.html",
  "/Users/cameronmcefee/github/sentry-docs/_site/history/index.html",
  "/Users/cameronmcefee/github/sentry-docs/_site/includes/alert/index.html",
  "/Users/cameronmcefee/github/sentry-docs/_site/includes/platform-content/index.html",
  "/Users/cameronmcefee/github/sentry-docs/_site/includes/user-content/index.html",
  "/Users/cameronmcefee/github/sentry-docs/_site/index.html",
  "/Users/cameronmcefee/github/sentry-docs/_site/integrations/asana/index.html",
  "/Users/cameronmcefee/github/sentry-docs/_site/integrations/azure-devops/index.html",
  "/Users/cameronmcefee/github/sentry-docs/_site/integrations/bitbucket/index.html",
  "/Users/cameronmcefee/github/sentry-docs/_site/integrations/github-enterprise/index.html",
  "/Users/cameronmcefee/github/sentry-docs/_site/integrations/github/index.html",
  "/Users/cameronmcefee/github/sentry-docs/_site/integrations/heroku/index.html",
  "/Users/cameronmcefee/github/sentry-docs/_site/integrations/hipchat/index.html",
  "/Users/cameronmcefee/github/sentry-docs/_site/integrations/index.html",
  "/Users/cameronmcefee/github/sentry-docs/_site/integrations/jira/index.html",
  "/Users/cameronmcefee/github/sentry-docs/_site/integrations/sessionstack/index.html",
  "/Users/cameronmcefee/github/sentry-docs/_site/integrations/slack/index.html",
  "/Users/cameronmcefee/github/sentry-docs/_site/integrations/splunk/index.html",
  "/Users/cameronmcefee/github/sentry-docs/_site/internal/api/index.html",
  "/Users/cameronmcefee/github/sentry-docs/_site/internal/contributing/index.html",
  "/Users/cameronmcefee/github/sentry-docs/_site/internal/docs/index.html",
  "/Users/cameronmcefee/github/sentry-docs/_site/internal/environment/index.html",
  "/Users/cameronmcefee/github/sentry-docs/_site/internal/index.html",
  "/Users/cameronmcefee/github/sentry-docs/_site/ip-ranges/index.html",
  "/Users/cameronmcefee/github/sentry-docs/_site/learn/breadcrumbs/index.html",
  "/Users/cameronmcefee/github/sentry-docs/_site/learn/capturing/index.html",
  "/Users/cameronmcefee/github/sentry-docs/_site/learn/cli/breakpad/index.html",
  "/Users/cameronmcefee/github/sentry-docs/_site/learn/cli/configuration/index.html",
  "/Users/cameronmcefee/github/sentry-docs/_site/learn/cli/dif/index.html",
  "/Users/cameronmcefee/github/sentry-docs/_site/learn/cli/dsym/index.html",
  "/Users/cameronmcefee/github/sentry-docs/_site/learn/cli/elf/index.html",
  "/Users/cameronmcefee/github/sentry-docs/_site/learn/cli/index.html",
  "/Users/cameronmcefee/github/sentry-docs/_site/learn/cli/installation/index.html",
  "/Users/cameronmcefee/github/sentry-docs/_site/learn/cli/pdb/index.html",
  "/Users/cameronmcefee/github/sentry-docs/_site/learn/cli/proguard/index.html",
  "/Users/cameronmcefee/github/sentry-docs/_site/learn/cli/releases/index.html",
  "/Users/cameronmcefee/github/sentry-docs/_site/learn/cli/send-event/index.html",
  "/Users/cameronmcefee/github/sentry-docs/_site/learn/configuration/index.html",
  "/Users/cameronmcefee/github/sentry-docs/_site/learn/context/index.html",
  "/Users/cameronmcefee/github/sentry-docs/_site/learn/draining/index.html",
  "/Users/cameronmcefee/github/sentry-docs/_site/learn/environments/index.html",
  "/Users/cameronmcefee/github/sentry-docs/_site/learn/hints/index.html",
  "/Users/cameronmcefee/github/sentry-docs/_site/learn/releases/index.html",
  "/Users/cameronmcefee/github/sentry-docs/_site/learn/rollups/index.html",
  "/Users/cameronmcefee/github/sentry-docs/_site/learn/scopes/index.html",
  "/Users/cameronmcefee/github/sentry-docs/_site/learn/security-policy-reporting/index.html",
  "/Users/cameronmcefee/github/sentry-docs/_site/learn/sensitive-data/index.html",
  "/Users/cameronmcefee/github/sentry-docs/_site/learn/user-feedback/index.html",
  "/Users/cameronmcefee/github/sentry-docs/_site/license/index.html",
  "/Users/cameronmcefee/github/sentry-docs/_site/markdown-styleguide/links/index.html",
  "/Users/cameronmcefee/github/sentry-docs/_site/platforms/dotnet/aspnetcore/index.html",
  "/Users/cameronmcefee/github/sentry-docs/_site/platforms/dotnet/entityframework/index.html",
  "/Users/cameronmcefee/github/sentry-docs/_site/platforms/dotnet/index.html",
  "/Users/cameronmcefee/github/sentry-docs/_site/platforms/dotnet/log4net/index.html",
  "/Users/cameronmcefee/github/sentry-docs/_site/platforms/dotnet/microsoft-extensions-logging/index.html",
  "/Users/cameronmcefee/github/sentry-docs/_site/platforms/index.html",
  "/Users/cameronmcefee/github/sentry-docs/_site/platforms/javascript/angular/index.html",
  "/Users/cameronmcefee/github/sentry-docs/_site/platforms/javascript/browser/index.html",
  "/Users/cameronmcefee/github/sentry-docs/_site/platforms/javascript/connect/index.html",
  "/Users/cameronmcefee/github/sentry-docs/_site/platforms/javascript/cordova/index.html",
  "/Users/cameronmcefee/github/sentry-docs/_site/platforms/javascript/electron/index.html",
  "/Users/cameronmcefee/github/sentry-docs/_site/platforms/javascript/electron/native/index.html",
  "/Users/cameronmcefee/github/sentry-docs/_site/platforms/javascript/electron/sourcemaps/index.html",
  "/Users/cameronmcefee/github/sentry-docs/_site/platforms/javascript/ember/index.html",
  "/Users/cameronmcefee/github/sentry-docs/_site/platforms/javascript/express/index.html",
  "/Users/cameronmcefee/github/sentry-docs/_site/platforms/javascript/index.html",
  "/Users/cameronmcefee/github/sentry-docs/_site/platforms/javascript/ionic/index.html",
  "/Users/cameronmcefee/github/sentry-docs/_site/platforms/javascript/koa/index.html",
  "/Users/cameronmcefee/github/sentry-docs/_site/platforms/javascript/loader/index.html",
  "/Users/cameronmcefee/github/sentry-docs/_site/platforms/javascript/node/index.html",
  "/Users/cameronmcefee/github/sentry-docs/_site/platforms/javascript/react/index.html",
  "/Users/cameronmcefee/github/sentry-docs/_site/platforms/javascript/sourcemaps/index.html",
  "/Users/cameronmcefee/github/sentry-docs/_site/platforms/javascript/vue/index.html",
  "/Users/cameronmcefee/github/sentry-docs/_site/platforms/minidump/breakpad/index.html",
  "/Users/cameronmcefee/github/sentry-docs/_site/platforms/minidump/crashpad/index.html",
  "/Users/cameronmcefee/github/sentry-docs/_site/platforms/minidump/index.html",
  "/Users/cameronmcefee/github/sentry-docs/_site/platforms/python/celery/index.html",
  "/Users/cameronmcefee/github/sentry-docs/_site/platforms/python/default-integrations/index.html",
  "/Users/cameronmcefee/github/sentry-docs/_site/platforms/python/django/index.html",
  "/Users/cameronmcefee/github/sentry-docs/_site/platforms/python/flask/index.html",
  "/Users/cameronmcefee/github/sentry-docs/_site/platforms/python/index.html",
  "/Users/cameronmcefee/github/sentry-docs/_site/platforms/python/logging/index.html",
  "/Users/cameronmcefee/github/sentry-docs/_site/platforms/rust/actix/index.html",
  "/Users/cameronmcefee/github/sentry-docs/_site/platforms/rust/env_logger/index.html",
  "/Users/cameronmcefee/github/sentry-docs/_site/platforms/rust/failure/index.html",
  "/Users/cameronmcefee/github/sentry-docs/_site/platforms/rust/index.html",
  "/Users/cameronmcefee/github/sentry-docs/_site/platforms/rust/log/index.html",
  "/Users/cameronmcefee/github/sentry-docs/_site/platforms/rust/panic/index.html",
  "/Users/cameronmcefee/github/sentry-docs/_site/pricing/index.html",
  "/Users/cameronmcefee/github/sentry-docs/_site/product/data-forwarding/index.html",
  "/Users/cameronmcefee/github/sentry-docs/_site/product/issue-owners/index.html",
  "/Users/cameronmcefee/github/sentry-docs/_site/product/membership/index.html",
  "/Users/cameronmcefee/github/sentry-docs/_site/product/notifications/index.html",
  "/Users/cameronmcefee/github/sentry-docs/_site/product/quotas/index.html",
  "/Users/cameronmcefee/github/sentry-docs/_site/product/search/index.html",
  "/Users/cameronmcefee/github/sentry-docs/_site/product/sso/index.html",
  "/Users/cameronmcefee/github/sentry-docs/_site/project-resources/index.html",
  "/Users/cameronmcefee/github/sentry-docs/_site/quickstart/index.html",
  "/Users/cameronmcefee/github/sentry-docs/_site/relay/index.html",
  "/Users/cameronmcefee/github/sentry-docs/_site/relay/options/index.html",
  "/Users/cameronmcefee/github/sentry-docs/_site/relay/pii-config/index.html",
  "/Users/cameronmcefee/github/sentry-docs/_site/relay/pii-config/methods/index.html",
  "/Users/cameronmcefee/github/sentry-docs/_site/relay/pii-config/types/index.html",
  "/Users/cameronmcefee/github/sentry-docs/_site/relay/project-config/index.html",
  "/Users/cameronmcefee/github/sentry-docs/_site/relay/quickstart/index.html",
  "/Users/cameronmcefee/github/sentry-docs/_site/search/cache.json",
  "/Users/cameronmcefee/github/sentry-docs/_site/search/index.html",
  "/Users/cameronmcefee/github/sentry-docs/_site/search/index.json",
  "/Users/cameronmcefee/github/sentry-docs/_site/server/beacon/index.html",
  "/Users/cameronmcefee/github/sentry-docs/_site/server/buffer/index.html",
  "/Users/cameronmcefee/github/sentry-docs/_site/server/changelog/index.html",
  "/Users/cameronmcefee/github/sentry-docs/_site/server/cli/cleanup/index.html",
  "/Users/cameronmcefee/github/sentry-docs/_site/server/cli/config/delete/index.html",
  "/Users/cameronmcefee/github/sentry-docs/_site/server/cli/config/discover/index.html",
  "/Users/cameronmcefee/github/sentry-docs/_site/server/cli/config/generate-secret-key/index.html",
  "/Users/cameronmcefee/github/sentry-docs/_site/server/cli/config/get/index.html",
  "/Users/cameronmcefee/github/sentry-docs/_site/server/cli/config/index.html",
  "/Users/cameronmcefee/github/sentry-docs/_site/server/cli/config/list/index.html",
  "/Users/cameronmcefee/github/sentry-docs/_site/server/cli/config/set/index.html",
  "/Users/cameronmcefee/github/sentry-docs/_site/server/cli/createuser/index.html",
  "/Users/cameronmcefee/github/sentry-docs/_site/server/cli/devserver/index.html",
  "/Users/cameronmcefee/github/sentry-docs/_site/server/cli/django/index.html",
  "/Users/cameronmcefee/github/sentry-docs/_site/server/cli/exec/index.html",
  "/Users/cameronmcefee/github/sentry-docs/_site/server/cli/export/index.html",
  "/Users/cameronmcefee/github/sentry-docs/_site/server/cli/files/get/index.html",
  "/Users/cameronmcefee/github/sentry-docs/_site/server/cli/files/index.html",
  "/Users/cameronmcefee/github/sentry-docs/_site/server/cli/files/info/index.html",
  "/Users/cameronmcefee/github/sentry-docs/_site/server/cli/help/index.html",
  "/Users/cameronmcefee/github/sentry-docs/_site/server/cli/import/index.html",
  "/Users/cameronmcefee/github/sentry-docs/_site/server/cli/index.html",
  "/Users/cameronmcefee/github/sentry-docs/_site/server/cli/init/index.html",
  "/Users/cameronmcefee/github/sentry-docs/_site/server/cli/permissions/add/index.html",
  "/Users/cameronmcefee/github/sentry-docs/_site/server/cli/permissions/index.html",
  "/Users/cameronmcefee/github/sentry-docs/_site/server/cli/permissions/list/index.html",
  "/Users/cameronmcefee/github/sentry-docs/_site/server/cli/permissions/remove/index.html",
  "/Users/cameronmcefee/github/sentry-docs/_site/server/cli/plugins/index.html",
  "/Users/cameronmcefee/github/sentry-docs/_site/server/cli/plugins/list/index.html",
  "/Users/cameronmcefee/github/sentry-docs/_site/server/cli/queues/index.html",
  "/Users/cameronmcefee/github/sentry-docs/_site/server/cli/queues/list/index.html",
  "/Users/cameronmcefee/github/sentry-docs/_site/server/cli/queues/purge/index.html",
  "/Users/cameronmcefee/github/sentry-docs/_site/server/cli/repair/index.html",
  "/Users/cameronmcefee/github/sentry-docs/_site/server/cli/run/cron/index.html",
  "/Users/cameronmcefee/github/sentry-docs/_site/server/cli/run/index.html",
  "/Users/cameronmcefee/github/sentry-docs/_site/server/cli/run/smtp/index.html",
  "/Users/cameronmcefee/github/sentry-docs/_site/server/cli/run/web/index.html",
  "/Users/cameronmcefee/github/sentry-docs/_site/server/cli/run/worker/index.html",
  "/Users/cameronmcefee/github/sentry-docs/_site/server/cli/shell/index.html",
  "/Users/cameronmcefee/github/sentry-docs/_site/server/cli/start/index.html",
  "/Users/cameronmcefee/github/sentry-docs/_site/server/cli/tsdb/index.html",
  "/Users/cameronmcefee/github/sentry-docs/_site/server/cli/tsdb/query/index.html",
  "/Users/cameronmcefee/github/sentry-docs/_site/server/cli/tsdb/query/organizations/index.html",
  "/Users/cameronmcefee/github/sentry-docs/_site/server/cli/upgrade/index.html",
  "/Users/cameronmcefee/github/sentry-docs/_site/server/config/index.html",
  "/Users/cameronmcefee/github/sentry-docs/_site/server/digests/index.html",
  "/Users/cameronmcefee/github/sentry-docs/_site/server/dsym/index.html",
  "/Users/cameronmcefee/github/sentry-docs/_site/server/faq/index.html",
  "/Users/cameronmcefee/github/sentry-docs/_site/server/filestore/index.html",
  "/Users/cameronmcefee/github/sentry-docs/_site/server/inbound-mail/index.html",
  "/Users/cameronmcefee/github/sentry-docs/_site/server/index.html",
  "/Users/cameronmcefee/github/sentry-docs/_site/server/installation/docker/index.html",
  "/Users/cameronmcefee/github/sentry-docs/_site/server/installation/index.html",
  "/Users/cameronmcefee/github/sentry-docs/_site/server/installation/python/index.html",
  "/Users/cameronmcefee/github/sentry-docs/_site/server/internal-metrics/index.html",
  "/Users/cameronmcefee/github/sentry-docs/_site/server/monitoring/index.html",
  "/Users/cameronmcefee/github/sentry-docs/_site/server/nginx/index.html",
  "/Users/cameronmcefee/github/sentry-docs/_site/server/nodestore/index.html",
  "/Users/cameronmcefee/github/sentry-docs/_site/server/performance/index.html",
  "/Users/cameronmcefee/github/sentry-docs/_site/server/plugins/index.html",
  "/Users/cameronmcefee/github/sentry-docs/_site/server/queue/index.html",
  "/Users/cameronmcefee/github/sentry-docs/_site/server/sso/index.html",
  "/Users/cameronmcefee/github/sentry-docs/_site/server/throttling/index.html",
  "/Users/cameronmcefee/github/sentry-docs/_site/server/tsdb/index.html",
  "/Users/cameronmcefee/github/sentry-docs/_site/server/upgrading/index.html",
  "/Users/cameronmcefee/github/sentry-docs/_site/server/warnings/index.html",
  "/Users/cameronmcefee/github/sentry-docs/_site/sitemap.xml",
  "/Users/cameronmcefee/github/sentry-docs/_site/ssl/index.html",
  "/Users/cameronmcefee/github/sentry-docs/_site/support/index.html",
  "/Users/cameronmcefee/github/sentry-docs/_site/tags/version-added/index.html",
]
`;
